// Jest Snapshot v1, https://goo.gl/fbAQLP

exports[`renders commits 1`] = `
<div>
  <div
    class="commits"
  >
    <p />
    <div
      class="chart"
    >
      <div
        class="recharts-responsive-container"
        style="width: 100%; height: 400px;"
      />
    </div>
  </div>
</div>
`;
